
> fullstackpostgres@0.1.0 build
> next build

node.exe : [baseline-browser-mapping] 
The data in this module is over two 
months old.  To ensure accurate 
Baseline data, please update: `npm i 
baseline-browser-mapping@latest -D`
At line:1 char:1
+ & "C:\Program 
Files\nodejs/node.exe" "C:\Program 
Files\nodejs/node_mo ...
+ ~~~~~~~~~~~~~~~~~~~~~~~~~~~~~~~~~~~~
~~~~~~~~~~~~~~~~~~~~~~~~~~~~~~~~~
    + CategoryInfo          : NotSpec 
   ified: ([baseline-brows...ping@la  
  test -D`:String) [], RemoteExcept   
 ion
    + FullyQualifiedErrorId : NativeC 
   ommandError
 
   Γû▓ Next.js 16.0.7 (Turbopack)
   - Environments: .env

   Creating an optimized production build ...
[baseline-browser-mapping] The data 
in this module is over two months 
old.  To ensure accurate Baseline 
data, please update: `npm i 
baseline-browser-mapping@latest -D`
 Γ£ô Compiled successfully in 3.9s
   Running TypeScript ...
   Collecting page data using 11 workers ...
[baseline-browser-mapping] The data 
in this module is over two months 
old.  To ensure accurate Baseline 
data, please update: `npm i 
baseline-browser-mapping@latest -D`
[baseline-browser-mapping] The data 
in this module is over two months 
old.  To ensure accurate Baseline 
data, please update: `npm i 
baseline-browser-mapping@latest -D`
[baseline-browser-mapping] The data 
in this module is over two months 
old.  To ensure accurate Baseline 
data, please update: `npm i 
baseline-browser-mapping@latest -D`
[baseline-browser-mapping] The data 
in this module is over two months 
old.  To ensure accurate Baseline 
data, please update: `npm i 
baseline-browser-mapping@latest -D`
[baseline-browser-mapping] The data 
in this module is over two months 
old.  To ensure accurate Baseline 
data, please update: `npm i 
baseline-browser-mapping@latest -D`
[baseline-browser-mapping] The data 
in this module is over two months 
old.  To ensure accurate Baseline 
data, please update: `npm i 
baseline-browser-mapping@latest -D`
[baseline-browser-mapping] The data 
in this module is over two months 
old.  To ensure accurate Baseline 
data, please update: `npm i 
baseline-browser-mapping@latest -D`
[baseline-browser-mapping] The data 
in this module is over two months 
old.  To ensure accurate Baseline 
data, please update: `npm i 
baseline-browser-mapping@latest -D`
[baseline-browser-mapping] The data 
in this module is over two months 
old.  To ensure accurate Baseline 
data, please update: `npm i 
baseline-browser-mapping@latest -D`
[baseline-browser-mapping] The data 
in this module is over two months 
old.  To ensure accurate Baseline 
data, please update: `npm i 
baseline-browser-mapping@latest -D`
[baseline-browser-mapping] The data 
in this module is over two months 
old.  To ensure accurate Baseline 
data, please update: `npm i 
baseline-browser-mapping@latest -D`
   Generating static pages using 11 workers (0/27) ...
[baseline-browser-mapping] The data 
in this module is over two months 
old.  To ensure accurate Baseline 
data, please update: `npm i 
baseline-browser-mapping@latest -D`
[baseline-browser-mapping] The data 
in this module is over two months 
old.  To ensure accurate Baseline 
data, please update: `npm i 
baseline-browser-mapping@latest -D`
   Generating static pages using 11 workers (6/27) 
   Generating static pages using 11 workers (13/27) 
   Generating static pages using 11 workers (20/27) 
Failed to get current user: Error: 
Dynamic server usage: Route / 
couldn't be rendered statically 
because it used `cookies`. See more 
info here: https://nextjs.org/docs/mes
sages/dynamic-server-error
    at x (D:\e-comm\fullstackpostgres\
.next\server\chunks\ssr\_428c6aae._.js
:1:16033)
    at n (D:\e-comm\fullstackpostgres\
.next\server\chunks\ssr\_428c6aae._.js
:4:85421)
    at i (D:\e-comm\fullstackpostgres\
.next\server\chunks\ssr\_428c6aae._.js
:4:120620)
    at g (D:\e-comm\fullstackpostgres\
.next\server\chunks\ssr\_428c6aae._.js
:4:121046)
    at stringify (<anonymous>) {
  description: "Route / couldn't be 
rendered statically because it used 
`cookies`. See more info here: https:/
/nextjs.org/docs/messages/dynamic-serv
er-error",
  digest: 'DYNAMIC_SERVER_USAGE'
}
 Γ£ô Generating static pages using 11 workers (27/27) in 1086.9ms
   Finalizing page optimization ...

Route (app)
Γöî ╞Æ /
Γö£ Γùï /_not-found
Γö£ ╞Æ /api/auth/login
Γö£ ╞Æ /api/auth/logout
Γö£ ╞Æ /api/auth/me
Γö£ ╞Æ /api/auth/register
Γö£ ╞Æ /api/companies
Γö£ ╞Æ /api/companies/[id]
Γö£ ╞Æ /api/dashboard/stats
Γö£ ╞Æ /api/health
Γö£ ╞Æ /api/products
Γö£ ╞Æ /api/products/[id]
Γö£ ╞Æ /api/shipments
Γö£ ╞Æ /api/shipments/[id]
Γö£ ╞Æ /api/traders
Γö£ ╞Æ /api/traders/[id]
Γö£ ╞Æ /api/transport
Γö£ ╞Æ /api/transport/[id]
Γö£ ╞Æ /api/user
Γö£ ╞Æ /api/user/[userId]
Γö£ ╞Æ /api/user/[userId]/role
Γö£ ╞Æ /api/user/[userId]/team
Γö£ Γùï /dashboard
Γö£ Γùï /dashboard/companies
Γö£ Γùï /dashboard/documents
Γö£ Γùï /dashboard/products
Γö£ Γùï /dashboard/settings
Γö£ Γùï /dashboard/shipments
Γö£ Γùï /dashboard/traders
Γö£ Γùï /dashboard/transport
Γö£ Γùï /dashboard/users
Γö£ Γùï /login
Γöö Γùï /register


Γùï  (Static)   prerendered as static content
╞Æ  (Dynamic)  server-rendered on demand

